Microchip MPLAB XC8 Compiler V1.31 ()

Linker command line:

--edf=C:\Program Files (x86)\Microchip\xc8\v1.31\dat\en_msgs.txt -cs \
  -h+dist/default/production\V1.0.production.sym \
  --cmf=dist/default/production\V1.0.production.cmf -z -w9 --norlf \
  -Q16F1823 -Mdist/default/production/V1.0.production.map -E1 -ver=XC8 \
  -ACONST=00h-0FFhx8 -ACODE=00h-07FFh -ASTRCODE=00h-07FFh \
  -AENTRY=00h-0FFhx8 -ASTRING=00h-0FFhx8 -ACOMMON=070h-07Fh \
  -ABANK0=020h-06Fh -ABANK1=0A0h-0BFh -ABIGRAM=02000h-0206Fh \
  -ARAM=020h-06Fh,0A0h-0BFh -AABS1=020h-07Fh,0A0h-0BFh -ASFR0=00h-01Fh \
  -ASFR1=080h-09Fh -ASFR2=0100h-016Fh -ASFR3=0180h-01EFh -ASFR4=0200h-026Fh \
  -ASFR5=0280h-02EFh -ASFR6=0300h-036Fh -ASFR7=0380h-03EFh \
  -ASFR8=0400h-046Fh -ASFR9=0480h-04EFh -ASFR10=0500h-056Fh \
  -ASFR11=0580h-05EFh -ASFR12=0600h-066Fh -ASFR13=0680h-06EFh \
  -ASFR14=0700h-076Fh -ASFR15=0780h-07EFh -ASFR16=0800h-086Fh \
  -ASFR17=0880h-08EFh -ASFR18=0900h-096Fh -ASFR19=0980h-09EFh \
  -ASFR20=0A00h-0A6Fh -ASFR21=0A80h-0AEFh -ASFR22=0B00h-0B6Fh \
  -ASFR23=0B80h-0BEFh -ASFR24=0C00h-0C6Fh -ASFR25=0C80h-0CEFh \
  -ASFR26=0D00h-0D6Fh -ASFR27=0D80h-0DEFh -ASFR28=0E00h-0E6Fh \
  -ASFR29=0E80h-0EEFh -ASFR30=0F00h-0F6Fh -ASFR31=0F80h-0FEFh \
  -preset_vec=00h,intentry,init,end_init -ppowerup=CODE -pcinit=CODE \
  -pfunctab=CODE -ACONFIG=08007h-08008h -pconfig=CONFIG -DCONFIG=2 \
  -AIDLOC=08000h-08003h -pidloc=IDLOC -DIDLOC=2 -AEEDATA=00h-0FFh/0F000h \
  -peeprom_data=EEDATA -DEEDATA=2 -DCODE=2 -DSTRCODE=2 -DSTRING=2 -DCONST=2 \
  -DENTRY=2 -k C:\Users\Nico\AppData\Local\Temp\svk.obj \
  dist/default/production\V1.0.production.obj 

Object code version is 3.11

Machine type is 16F1823



                Name                               Link     Load   Length Selector   Space Scale
C:\Users\Nico\AppData\Local\Temp\svk.obj
                end_init                              F        F        2        0       0
                reset_vec                             0        0        1        0       0
dist/default/production\V1.0.production.obj
                cinit                               7EA      7EA       16      FD4       0
                intentry                              1        1        E        0       0
                text14                              357      357        B      6AE       0
                text13                              39C      39C       1D      738       0
                text12                              418      418       E8      830       0
                text11                              3F6      3F6       22      7EC       0
                text10                              33C      33C        6      678       0
                text9                               3D7      3D7       1F      7AE       0
                text8                               7A2      7A2       28      E08       0
                text6                               342      342        6      684       0
                text5                               34E      34E        9      69C       0
                text4                               362      362       12      6C4       0
                text3                               7CA      7CA       20      E08       0
                text2                               3B9      3B9       1E      772       0
                text1                               704      704       9E      E08       0
                maintext                            374      374       14      6E8       0
                cstackBANK0                          20       20       22       20       1
                cstackCOMMON                         70       70        E       70       1
                inittext                            348      348        6      690       0
                dataBANK0                            42       42       14       20       1
                bssBANK0                             56       56        A       20       1
                stringtext                          500      500      204        A       0
                idataBANK0                          388      388       14      710       0

TOTAL           Name                               Link     Load   Length     Space
        CLASS   CONST          

        CLASS   CODE           
                end_init                              F        F        2         0
                cinit                               7EA      7EA       16         0
                intentry                              1        1        E         0
                reset_vec                             0        0        1         0
                text14                              357      357        B         0
                text13                              39C      39C       1D         0
                text12                              418      418       E8         0
                text11                              3F6      3F6       22         0
                text10                              33C      33C        6         0
                text9                               3D7      3D7       1F         0
                text8                               7A2      7A2       28         0
                text6                               342      342        6         0
                text5                               34E      34E        9         0
                text4                               362      362       12         0
                text3                               7CA      7CA       20         0
                text2                               3B9      3B9       1E         0
                text1                               704      704       9E         0
                maintext                            374      374       14         0
                inittext                            348      348        6         0
                idataBANK0                          388      388       14         0

        CLASS   STRCODE        
                stringtext                          500      500      204         0

        CLASS   ENTRY          

        CLASS   STRING         

        CLASS   COMMON         
                cstackCOMMON                         70       70        E         1

        CLASS   BANK0          
                cstackBANK0                          20       20       22         1
                dataBANK0                            42       42       14         1
                bssBANK0                             56       56        A         1

        CLASS   BANK1          

        CLASS   BIGRAM         

        CLASS   RAM            

        CLASS   ABS1           
                abs_s1                               7E       7E        2         1

        CLASS   SFR0           

        CLASS   SFR1           

        CLASS   SFR2           

        CLASS   SFR3           

        CLASS   SFR4           

        CLASS   SFR5           

        CLASS   SFR6           

        CLASS   SFR7           

        CLASS   SFR8           

        CLASS   SFR9           

        CLASS   SFR10          

        CLASS   SFR11          

        CLASS   SFR12          

        CLASS   SFR13          

        CLASS   SFR14          

        CLASS   SFR15          

        CLASS   SFR16          

        CLASS   SFR17          

        CLASS   SFR18          

        CLASS   SFR19          

        CLASS   SFR20          

        CLASS   SFR21          

        CLASS   SFR22          

        CLASS   SFR23          

        CLASS   SFR24          

        CLASS   SFR25          

        CLASS   SFR26          

        CLASS   SFR27          

        CLASS   SFR28          

        CLASS   SFR29          

        CLASS   SFR30          

        CLASS   SFR31          

        CLASS   CONFIG         

        CLASS   IDLOC          

        CLASS   EEDATA         

        CLASS   BANK31         

        CLASS   BANK30         

        CLASS   BANK29         

        CLASS   BANK28         

        CLASS   BANK27         

        CLASS   BANK26         

        CLASS   BANK25         

        CLASS   BANK24         

        CLASS   BANK23         

        CLASS   BANK22         

        CLASS   BANK21         

        CLASS   BANK20         

        CLASS   BANK19         

        CLASS   BANK18         

        CLASS   BANK17         

        CLASS   BANK16         

        CLASS   BANK15         

        CLASS   BANK14         

        CLASS   BANK13         

        CLASS   BANK12         

        CLASS   BANK11         

        CLASS   BANK10         

        CLASS   BANK9          

        CLASS   BANK8          

        CLASS   BANK7          

        CLASS   BANK6          

        CLASS   BANK5          

        CLASS   BANK4          

        CLASS   BANK3          

        CLASS   BANK2          

        CLASS   STACK          



SEGMENTS        Name                           Load    Length   Top    Selector   Space  Class     Delta

                reset_vec                      000000  000011  000011         0       0  CODE        2
                cstackBANK0                    000020  000040  000060        20       1  BANK0       1
                cstackCOMMON                   000070  00000E  00007E        70       1  COMMON      1
                text10                         00033C  000006  000342       678       0  CODE        2
                text6                          000342  000006  000348       684       0  CODE        2
                inittext                       000348  000006  00034E       690       0  CODE        2
                text5                          00034E  000009  000357       69C       0  CODE        2
                text14                         000357  00000B  000362       6AE       0  CODE        2
                text4                          000362  000012  000374       6C4       0  CODE        2
                maintext                       000374  000014  000388       6E8       0  CODE        2
                idataBANK0                     000388  000014  00039C       710       0  CODE        2
                text13                         00039C  00001D  0003B9       738       0  CODE        2
                text2                          0003B9  00001E  0003D7       772       0  CODE        2
                text9                          0003D7  00001F  0003F6       7AE       0  CODE        2
                text11                         0003F6  000022  000418       7EC       0  CODE        2
                text12                         000418  0000E8  000500       830       0  CODE        2
                stringtext                     000500  000204  000704         A       0  STRCODE     2
                text1                          000704  0000E6  0007EA       E08       0  CODE        2
                cinit                          0007EA  000016  000800       FD4       0  CODE        2


UNUSED ADDRESS RANGES

        Name                Unused          Largest block    Delta
        BANK0            0060-006F             10           1
        BANK1            00A0-00BF             20           1
        BIGRAM           2000-206F             70           1
        CODE             0011-033B            32B           2
        CONFIG           8007-8008              2           2
        CONST            0011-033B            100           2
        EEDATA           F000-F0FF            100           2
        ENTRY            0011-033B            100           2
        IDLOC            8000-8003              4           2
        RAM              0060-006F             10           1
                         00A0-00BF             20
        SFR0             0000-001F             20           1
        SFR1             0080-009F             20           1
        SFR10            0500-056F             70           1
        SFR11            0580-05EF             70           1
        SFR12            0600-066F             70           1
        SFR13            0680-06EF             70           1
        SFR14            0700-076F             70           1
        SFR15            0780-07EF             70           1
        SFR16            0800-086F             70           1
        SFR17            0880-08EF             70           1
        SFR18            0900-096F             70           1
        SFR19            0980-09EF             70           1
        SFR2             0100-016F             70           1
        SFR20            0A00-0A6F             70           1
        SFR21            0A80-0AEF             70           1
        SFR22            0B00-0B6F             70           1
        SFR23            0B80-0BEF             70           1
        SFR24            0C00-0C6F             70           1
        SFR25            0C80-0CEF             70           1
        SFR26            0D00-0D6F             70           1
        SFR27            0D80-0DEF             70           1
        SFR28            0E00-0E6F             70           1
        SFR29            0E80-0EEF             70           1
        SFR3             0180-01EF             70           1
        SFR30            0F00-0F6F             70           1
        SFR31            0F80-0FEF             70           1
        SFR4             0200-026F             70           1
        SFR5             0280-02EF             70           1
        SFR6             0300-036F             70           1
        SFR7             0380-03EF             70           1
        SFR8             0400-046F             70           1
        SFR9             0480-04EF             70           1
        STRCODE          0011-033B            32B           2
        STRING           0011-033B            100           2

                                  Symbol Table

__CFG_BOREN$OFF               (abs)        0000
__CFG_BORV$LO                 (abs)        0000
__CFG_CLKOUTEN$OFF            (abs)        0000
__CFG_CP$OFF                  (abs)        0000
__CFG_CPD$OFF                 (abs)        0000
__CFG_FCMEN$ON                (abs)        0000
__CFG_FOSC$INTOSC             (abs)        0000
__CFG_IESO$ON                 (abs)        0000
__CFG_LVP$OFF                 (abs)        0000
__CFG_MCLRE$ON                (abs)        0000
__CFG_PLLEN$ON                (abs)        0000
__CFG_PWRTE$OFF               (abs)        0000
__CFG_STVREN$ON               (abs)        0000
__CFG_WDTE$OFF                (abs)        0000
__CFG_WRT$OFF                 (abs)        0000
__Habs1                       abs1         0000
__Hbank0                      bank0        0000
__Hbank1                      bank1        0000
__Hbank10                     bank10       0000
__Hbank11                     bank11       0000
__Hbank12                     bank12       0000
__Hbank13                     bank13       0000
__Hbank14                     bank14       0000
__Hbank15                     bank15       0000
__Hbank16                     bank16       0000
__Hbank17                     bank17       0000
__Hbank18                     bank18       0000
__Hbank19                     bank19       0000
__Hbank2                      bank2        0000
__Hbank20                     bank20       0000
__Hbank21                     bank21       0000
__Hbank22                     bank22       0000
__Hbank23                     bank23       0000
__Hbank24                     bank24       0000
__Hbank25                     bank25       0000
__Hbank26                     bank26       0000
__Hbank27                     bank27       0000
__Hbank28                     bank28       0000
__Hbank29                     bank29       0000
__Hbank3                      bank3        0000
__Hbank30                     bank30       0000
__Hbank31                     bank31       0000
__Hbank4                      bank4        0000
__Hbank5                      bank5        0000
__Hbank6                      bank6        0000
__Hbank7                      bank7        0000
__Hbank8                      bank8        0000
__Hbank9                      bank9        0000
__Hbigram                     bigram       0000
__HbssBANK0                   bssBANK0     0000
__Hclrtext                    clrtext      0000
__Hcode                       code         0000
__Hcommon                     common       0000
__Hconfig                     config       0000
__HcstackBANK0                cstackBANK0  0000
__HcstackCOMMON               cstackCOMMON 0000
__HdataBANK0                  dataBANK0    0000
__Heeprom_data                eeprom_data  0000
__Hfunctab                    functab      0000
__HidataBANK0                 idataBANK0   0000
__Hidloc                      idloc        0000
__Hinittext                   inittext     0000
__Hmaintext                   maintext     0000
__Hpowerup                    powerup      0000
__Hram                        ram          0000
__Hsfr0                       sfr0         0000
__Hsfr1                       sfr1         0000
__Hsfr10                      sfr10        0000
__Hsfr11                      sfr11        0000
__Hsfr12                      sfr12        0000
__Hsfr13                      sfr13        0000
__Hsfr14                      sfr14        0000
__Hsfr15                      sfr15        0000
__Hsfr16                      sfr16        0000
__Hsfr17                      sfr17        0000
__Hsfr18                      sfr18        0000
__Hsfr19                      sfr19        0000
__Hsfr2                       sfr2         0000
__Hsfr20                      sfr20        0000
__Hsfr21                      sfr21        0000
__Hsfr22                      sfr22        0000
__Hsfr23                      sfr23        0000
__Hsfr24                      sfr24        0000
__Hsfr25                      sfr25        0000
__Hsfr26                      sfr26        0000
__Hsfr27                      sfr27        0000
__Hsfr28                      sfr28        0000
__Hsfr29                      sfr29        0000
__Hsfr3                       sfr3         0000
__Hsfr30                      sfr30        0000
__Hsfr31                      sfr31        0000
__Hsfr4                       sfr4         0000
__Hsfr5                       sfr5         0000
__Hsfr6                       sfr6         0000
__Hsfr7                       sfr7         0000
__Hsfr8                       sfr8         0000
__Hsfr9                       sfr9         0000
__Hstack                      stack        0000
__Hstrings                    strings      0000
__Hstringtext                 stringtext   0000
__Htext                       text         0000
__Labs1                       abs1         0000
__Lbank0                      bank0        0000
__Lbank1                      bank1        0000
__Lbank10                     bank10       0000
__Lbank11                     bank11       0000
__Lbank12                     bank12       0000
__Lbank13                     bank13       0000
__Lbank14                     bank14       0000
__Lbank15                     bank15       0000
__Lbank16                     bank16       0000
__Lbank17                     bank17       0000
__Lbank18                     bank18       0000
__Lbank19                     bank19       0000
__Lbank2                      bank2        0000
__Lbank20                     bank20       0000
__Lbank21                     bank21       0000
__Lbank22                     bank22       0000
__Lbank23                     bank23       0000
__Lbank24                     bank24       0000
__Lbank25                     bank25       0000
__Lbank26                     bank26       0000
__Lbank27                     bank27       0000
__Lbank28                     bank28       0000
__Lbank29                     bank29       0000
__Lbank3                      bank3        0000
__Lbank30                     bank30       0000
__Lbank31                     bank31       0000
__Lbank4                      bank4        0000
__Lbank5                      bank5        0000
__Lbank6                      bank6        0000
__Lbank7                      bank7        0000
__Lbank8                      bank8        0000
__Lbank9                      bank9        0000
__Lbigram                     bigram       0000
__LbssBANK0                   bssBANK0     0000
__Lclrtext                    clrtext      0000
__Lcode                       code         0000
__Lcommon                     common       0000
__Lconfig                     config       0000
__LcstackBANK0                cstackBANK0  0000
__LcstackCOMMON               cstackCOMMON 0000
__LdataBANK0                  dataBANK0    0000
__Leeprom_data                eeprom_data  0000
__Lfunctab                    functab      0000
__LidataBANK0                 idataBANK0   0000
__Lidloc                      idloc        0000
__Linittext                   inittext     0000
__Lmaintext                   maintext     0000
__Lpowerup                    powerup      0000
__Lram                        ram          0000
__Lreset_vec                  reset_vec    0000
__Lsfr0                       sfr0         0000
__Lsfr1                       sfr1         0000
__Lsfr10                      sfr10        0000
__Lsfr11                      sfr11        0000
__Lsfr12                      sfr12        0000
__Lsfr13                      sfr13        0000
__Lsfr14                      sfr14        0000
__Lsfr15                      sfr15        0000
__Lsfr16                      sfr16        0000
__Lsfr17                      sfr17        0000
__Lsfr18                      sfr18        0000
__Lsfr19                      sfr19        0000
__Lsfr2                       sfr2         0000
__Lsfr20                      sfr20        0000
__Lsfr21                      sfr21        0000
__Lsfr22                      sfr22        0000
__Lsfr23                      sfr23        0000
__Lsfr24                      sfr24        0000
__Lsfr25                      sfr25        0000
__Lsfr26                      sfr26        0000
__Lsfr27                      sfr27        0000
__Lsfr28                      sfr28        0000
__Lsfr29                      sfr29        0000
__Lsfr3                       sfr3         0000
__Lsfr30                      sfr30        0000
__Lsfr31                      sfr31        0000
__Lsfr4                       sfr4         0000
__Lsfr5                       sfr5         0000
__Lsfr6                       sfr6         0000
__Lsfr7                       sfr7         0000
__Lsfr8                       sfr8         0000
__Lsfr9                       sfr9         0000
__Lstack                      stack        0000
__Lstrings                    strings      0000
__Lstringtext                 stringtext   0000
__Ltext                       text         0000
__S3                          (abs)        0000
___int_sp                     stack        0000
___latbits                    (abs)        0000
___sp                         stack        0000
__size_of_SPI_fInit           (abs)        0000
__size_of_SPI_fWrite          (abs)        0000
__size_of_TLC_fControl        (abs)        0000
__size_of_TLC_fUpdate         (abs)        0000
__size_of_TMR0_fInit          (abs)        0000
__size_of_TMR0_fInterrupt     (abs)        0000
__size_of_UART_fInit          (abs)        0000
__size_of_UART_fRxData        (abs)        0000
__size_of_UART_fTelehandler   (abs)        0000
__size_of___lbmod             (abs)        0000
__size_of___wmul              (abs)        0000
__size_of_fInterruptRoutine   (abs)        0000
__size_of_main                (abs)        0000
__size_ofi1___lbmod           (abs)        0000
__size_ofi1___wmul            (abs)        0000
_color                                         
intlevel0                     functab      0000
intlevel1                     functab      0000
intlevel2                     functab      0000
intlevel3                     functab      0000
intlevel4                     functab      0000
intlevel5                     functab      0000
reset_vec                     reset_vec    0000
stackhi                       (abs)        0000
stacklo                       (abs)        0000
__Hreset_vec                  reset_vec    0001
__Lintentry                   intentry     0001
__pintentry                   intentry     0001
_fInterruptRoutine            intentry     0001
_INTCON                       (abs)        000B
_INTCONbits                   (abs)        000B
_PIR1bits                     (abs)        0011
_TMR0                         (abs)        0015
__Hinit                       init         000F
__Hintentry                   intentry     000F
__Lend_init                   end_init     000F
__Linit                       init         000F
__end_of_fInterruptRoutine    intentry     000F
__pcstackBANK0                cstackBANK0  0020
__Hend_init                   end_init     0011
?___wmul                      cstackBANK0  002D
___lbmod@divisor              cstackBANK0  002D
___wmul@multiplier            cstackBANK0  002D
___wmul@multiplicand          cstackBANK0  002F
___lbmod@dividend             cstackBANK0  0030
___lbmod@counter              cstackBANK0  0031
___wmul@product               cstackBANK0  0031
___lbmod@rem                  cstackBANK0  0032
UART_fTelehandler@color       cstackBANK0  0033
UART_fTelehandler@mode        cstackBANK0  0035
UART_fTelehandler@channel     cstackBANK0  003F
UART_fTelehandler@d           cstackBANK0  0040
_UARTRxBuffer                 dataBANK0    0042
__pdataBANK0                  dataBANK0    0042
TLC_fFadeOneColor@counting_up bssBANK0     0056
__pbssBANK0                   bssBANK0     0056
TLC_fFadeOneColor@step        bssBANK0     0057
TLC_fFadeOneColor@time        bssBANK0     0058
UART_fRxData@WriteIndex       bssBANK0     0059
UART_fTelehandler@ReadIndex   bssBANK0     005A
_BufferCounter                bssBANK0     005B
_channel_mode                 bssBANK0     005C
?i1___wmul                    cstackCOMMON 0070
__pcstackCOMMON               cstackCOMMON 0070
SPI_fWrite@dummy              cstackCOMMON 0071
SPI_fWrite@data               cstackCOMMON 0072
TLC_fUpdate@modul             cstackCOMMON 0076
TLC_fUpdate@channel           cstackCOMMON 0077
TLC_fUpdate@rgb               cstackCOMMON 0078
UART_fRxData@dummy            cstackCOMMON 0078
TLC_fUpdate@command           cstackCOMMON 0079
TLC_fControl@channel          cstackCOMMON 007D
__S1                          (abs)        007E
_TRISCbits                    (abs)        008E
_PIE1                         (abs)        0091
_OPTION_REGbits               (abs)        0095
_OSCCON                       (abs)        0099
_RCREG                        (abs)        0199
_SPBRGL                       (abs)        019B
_SPBRGH                       (abs)        019C
_RCSTA                        (abs)        019D
_TXSTA                        (abs)        019E
_BAUDCON                      (abs)        019F
_SSP1BUF                      (abs)        0211
_SSP1STATbits                 (abs)        0214
_SSP1CON1bits                 (abs)        0215
_HFIOFL                       (abs)        04D3
_PLLR                         (abs)        04D6
_TMR0_fInterrupt              text10       033C
__ptext10                     text10       033C
_SPI_fInit                    text6        0342
__end_of_TMR0_fInterrupt      text10       0342
__ptext6                      text6        0342
__end_of_SPI_fInit            text6        0348
_TMR0_fInit                   text5        034E
__ptext5                      text5        034E
_SPI_fWrite                   text14       0357
__end_of_TMR0_fInit           text5        0357
__ptext14                     text14       0357
_UART_fInit                   text4        0362
__end_of_SPI_fWrite           text14       0362
__ptext4                      text4        0362
__end_of_UART_fInit           text4        0374
__pmaintext                   maintext     0374
_main                         maintext     0374
__end_of_main                 maintext     0388
__pidataBANK0                 idataBANK0   0388
__ptext13                     text13       039C
___wmul                       text2        03B9
__end_ofi1___wmul             text13       03B9
__ptext2                      text2        03B9
__end_of___wmul               text2        03D7
__ptext9                      text9        03D7
_TLC_fControl                 text11       03F6
__end_ofi1___lbmod            text9        03F6
__ptext11                     text11       03F6
__S0                          (abs)        0800
_TLC_fUpdate                  text12       0418
__end_of_TLC_fControl         text11       0418
__ptext12                     text12       0418
__end_of_TLC_fUpdate          text12       0500
__pstringtext                 stringtext   0500
__stringtab                   stringtext   0500
_FadeValue                    stringtext   0501
__end_of__stringtab           stringtext   0501
_CREN                         (abs)        0CEC
_BCb                          stringtext   0701
__end_of_FadeValue            stringtext   0701
_BCg                          stringtext   0702
__end_of_BCb                  stringtext   0702
_BCr                          stringtext   0703
__end_of_BCg                  stringtext   0703
_UART_fTelehandler            text1        0704
__end_of_BCr                  stringtext   0704
__ptext1                      text1        0704
_UART_fRxData                 text8        07A2
__end_of_UART_fTelehandler    text1        07A2
__ptext8                      text8        07A2
___lbmod                      text3        07CA
__end_of_UART_fRxData         text8        07CA
__ptext3                      text3        07CA
__Lcinit                      cinit        07EA
__end_of___lbmod              text3        07EA
__initialization              cinit        07EA
__end_of__initialization      cinit        07FE
__Hcinit                      cinit        0800
btemp                         (abs)        007E
i1___lbmod@divisor            cstackCOMMON 0070
i1___wmul@multiplier          cstackCOMMON 0070
i1___wmul@multiplicand        cstackCOMMON 0072
i1___lbmod@dividend           cstackCOMMON 0073
i1___lbmod@counter            cstackCOMMON 0074
i1___wmul@product             cstackCOMMON 0074
i1___lbmod@rem                cstackCOMMON 0075
ltemp                         (abs)        007E
ltemp0                        (abs)        007E
ltemp3                        (abs)        0080
ltemp1                        (abs)        0082
ltemp2                        (abs)        0086
init_ram                      inittext     0348
i1___wmul                     text13       039C
i1___lbmod                    text9        03D7
end_of_initialization         cinit        07FE
start                         init         000F
ttemp                         (abs)        007E
ttemp0                        (abs)        007E
wtemp                         (abs)        007E
wtemp0                        (abs)        007E
ttemp4                        (abs)        007F
wtemp6                        (abs)        007F
wtemp1                        (abs)        0080
ttemp1                        (abs)        0081
wtemp2                        (abs)        0082
ttemp2                        (abs)        0084
wtemp3                        (abs)        0084
wtemp4                        (abs)        0086
ttemp3                        (abs)        0087
wtemp5                        (abs)        0088
start_initialization          cinit        07EA
